[0607/151147.964:ERROR:gpu_init.cc(426)] Passthrough is not supported, GL is disabled
[0607/151304.076:WARNING:angle_platform_impl.cc(48)] HLSLCompiler.cpp:257 (compileToBinary): 
C:\fakepath(102,1-6): warning X4000: use of potentially uninitialized variable (dyn_index_vec4_float4)

[0607/151304.222:WARNING:angle_platform_impl.cc(48)] HLSLCompiler.cpp:257 (compileToBinary): 
C:\fakepath(135,1): warning X4000: use of potentially uninitialized variable (f_i)
C:\fakepath(137,1): warning X4000: use of potentially uninitialized variable (f_i)
C:\fakepath(173,1): warning X4000: use of potentially uninitialized variable (f_u)

[0607/151304.815:WARNING:angle_platform_impl.cc(48)] HLSLCompiler.cpp:257 (compileToBinary): 
C:\fakepath(165,1): warning X4000: use of potentially uninitialized variable (f_renderMipMapLevel)

[0607/151321.185:WARNING:angle_platform_impl.cc(48)] HLSLCompiler.cpp:257 (compileToBinary): 
C:\fakepath(102,1-6): warning X4000: use of potentially uninitialized variable (dyn_index_vec4_float4)

[0607/151321.260:WARNING:angle_platform_impl.cc(48)] HLSLCompiler.cpp:257 (compileToBinary): 
C:\fakepath(135,1): warning X4000: use of potentially uninitialized variable (f_i)
C:\fakepath(137,1): warning X4000: use of potentially uninitialized variable (f_i)
C:\fakepath(173,1): warning X4000: use of potentially uninitialized variable (f_u)

[0607/151321.462:WARNING:angle_platform_impl.cc(48)] HLSLCompiler.cpp:257 (compileToBinary): 
C:\fakepath(165,1): warning X4000: use of potentially uninitialized variable (f_renderMipMapLevel)

[0607/151321.473:WARNING:angle_platform_impl.cc(48)] HLSLCompiler.cpp:257 (compileToBinary): 
C:\fakepath(165,1): warning X4000: use of potentially uninitialized variable (f_renderMipMapLevel)

[0607/151321.551:WARNING:angle_platform_impl.cc(48)] HLSLCompiler.cpp:257 (compileToBinary): 
C:\fakepath(381,10-38): warning X4008: floating point division by zero
C:\fakepath(381,10-38): warning X4008: floating point division by zero

[0607/151321.768:ERROR:gl_utils.cc(314)] [.WebGL-000006360A9D2180] GL_INVALID_OPERATION: Two textures of different types use the same sampler location.
[0607/151321.822:ERROR:gl_utils.cc(314)] [.WebGL-000006360A9D2180] GL_INVALID_OPERATION: Two textures of different types use the same sampler location.
[0607/173539.045:WARNING:angle_platform_impl.cc(48)] HLSLCompiler.cpp:257 (compileToBinary): 
C:\fakepath(102,1-6): warning X4000: use of potentially uninitialized variable (dyn_index_vec4_float4)

[0607/173539.133:WARNING:angle_platform_impl.cc(48)] HLSLCompiler.cpp:257 (compileToBinary): 
C:\fakepath(135,1): warning X4000: use of potentially uninitialized variable (f_i)
C:\fakepath(137,1): warning X4000: use of potentially uninitialized variable (f_i)
C:\fakepath(173,1): warning X4000: use of potentially uninitialized variable (f_u)

[0607/173539.686:WARNING:angle_platform_impl.cc(48)] HLSLCompiler.cpp:257 (compileToBinary): 
C:\fakepath(165,1): warning X4000: use of potentially uninitialized variable (f_renderMipMapLevel)

[0607/173539.692:WARNING:angle_platform_impl.cc(48)] HLSLCompiler.cpp:257 (compileToBinary): 
C:\fakepath(165,1): warning X4000: use of potentially uninitialized variable (f_renderMipMapLevel)

[0607/173539.700:WARNING:angle_platform_impl.cc(48)] HLSLCompiler.cpp:257 (compileToBinary): 
C:\fakepath(165,1): warning X4000: use of potentially uninitialized variable (f_renderMipMapLevel)

[0607/173539.784:WARNING:angle_platform_impl.cc(48)] HLSLCompiler.cpp:257 (compileToBinary): 
C:\fakepath(381,10-38): warning X4008: floating point division by zero
C:\fakepath(381,10-38): warning X4008: floating point division by zero

[0607/173600.649:WARNING:angle_platform_impl.cc(48)] HLSLCompiler.cpp:257 (compileToBinary): 
C:\fakepath(102,1-6): warning X4000: use of potentially uninitialized variable (dyn_index_vec4_float4)

[0607/173611.842:WARNING:angle_platform_impl.cc(48)] HLSLCompiler.cpp:257 (compileToBinary): 
C:\fakepath(102,1-6): warning X4000: use of potentially uninitialized variable (dyn_index_vec4_float4)

[0607/173611.928:WARNING:angle_platform_impl.cc(48)] HLSLCompiler.cpp:257 (compileToBinary): 
C:\fakepath(135,1): warning X4000: use of potentially uninitialized variable (f_i)
C:\fakepath(137,1): warning X4000: use of potentially uninitialized variable (f_i)
C:\fakepath(173,1): warning X4000: use of potentially uninitialized variable (f_u)

[0607/173612.896:WARNING:angle_platform_impl.cc(48)] HLSLCompiler.cpp:257 (compileToBinary): 
C:\fakepath(165,1): warning X4000: use of potentially uninitialized variable (f_renderMipMapLevel)

[0607/174105.703:WARNING:angle_platform_impl.cc(48)] HLSLCompiler.cpp:257 (compileToBinary): 
C:\fakepath(135,1): warning X4000: use of potentially uninitialized variable (f_i)
C:\fakepath(137,1): warning X4000: use of potentially uninitialized variable (f_i)
C:\fakepath(173,1): warning X4000: use of potentially uninitialized variable (f_u)

[0607/174107.096:WARNING:angle_platform_impl.cc(48)] HLSLCompiler.cpp:257 (compileToBinary): 
C:\fakepath(381,10-38): warning X4008: floating point division by zero
C:\fakepath(381,10-38): warning X4008: floating point division by zero

[0607/174257.216:WARNING:angle_platform_impl.cc(48)] HLSLCompiler.cpp:257 (compileToBinary): 
C:\fakepath(102,1-6): warning X4000: use of potentially uninitialized variable (dyn_index_vec4_float4)

[0607/174257.315:WARNING:angle_platform_impl.cc(48)] HLSLCompiler.cpp:257 (compileToBinary): 
C:\fakepath(135,1): warning X4000: use of potentially uninitialized variable (f_i)
C:\fakepath(137,1): warning X4000: use of potentially uninitialized variable (f_i)
C:\fakepath(173,1): warning X4000: use of potentially uninitialized variable (f_u)

[0607/174257.830:WARNING:angle_platform_impl.cc(48)] HLSLCompiler.cpp:257 (compileToBinary): 
C:\fakepath(94,23-33): warning X3595: gradient instruction used in a loop with varying iteration; partial derivatives may have undefined value
C:\fakepath(95,23-33): warning X3595: gradient instruction used in a loop with varying iteration; partial derivatives may have undefined value

[0607/174257.883:WARNING:angle_platform_impl.cc(48)] HLSLCompiler.cpp:257 (compileToBinary): 
C:\fakepath(381,10-38): warning X4008: floating point division by zero
C:\fakepath(381,10-38): warning X4008: floating point division by zero

[0607/174500.673:WARNING:angle_platform_impl.cc(48)] HLSLCompiler.cpp:257 (compileToBinary): 
C:\fakepath(102,1-6): warning X4000: use of potentially uninitialized variable (dyn_index_vec4_float4)

[0607/174500.756:WARNING:angle_platform_impl.cc(48)] HLSLCompiler.cpp:257 (compileToBinary): 
C:\fakepath(135,1): warning X4000: use of potentially uninitialized variable (f_i)
C:\fakepath(137,1): warning X4000: use of potentially uninitialized variable (f_i)
C:\fakepath(173,1): warning X4000: use of potentially uninitialized variable (f_u)

[0607/174501.511:WARNING:angle_platform_impl.cc(48)] HLSLCompiler.cpp:257 (compileToBinary): 
C:\fakepath(381,10-38): warning X4008: floating point division by zero
C:\fakepath(381,10-38): warning X4008: floating point division by zero

[0607/175005.738:WARNING:used_ids.h(55)] Duplicate id found. Reassigning from 104 to 127
[0607/175005.738:WARNING:used_ids.h(55)] Duplicate id found. Reassigning from 102 to 125
[0607/175005.740:WARNING:used_ids.h(55)] Duplicate id found. Reassigning from 103 to 124
[0607/175347.759:WARNING:used_ids.h(55)] Duplicate id found. Reassigning from 104 to 127
[0607/175347.760:WARNING:used_ids.h(55)] Duplicate id found. Reassigning from 102 to 125
[0607/175347.760:WARNING:used_ids.h(55)] Duplicate id found. Reassigning from 104 to 124
[0607/175347.760:WARNING:used_ids.h(55)] Duplicate id found. Reassigning from 106 to 123
[0607/175347.760:WARNING:used_ids.h(55)] Duplicate id found. Reassigning from 110 to 122
[0607/175347.760:WARNING:used_ids.h(55)] Duplicate id found. Reassigning from 103 to 121
[0607/175347.760:WARNING:used_ids.h(55)] Duplicate id found. Reassigning from 105 to 120
[0607/175347.760:WARNING:used_ids.h(55)] Duplicate id found. Reassigning from 111 to 119
[0607/175350.065:WARNING:turn_port.cc(826)] Port[70a5bf80:0:1:0:relay:Net[any:0:0:0:x:x:x:x:x/0:Wildcard:id=0]]: TURN host lookup received error 0
[0607/175350.105:WARNING:turn_port.cc(477)] Socket is bound to the address:192.168.0.x, rather than an address associated with network:Net[any:0.0.0.x/0:Wildcard:id=0]. Still allowing it since it's the 'any' address, possibly caused by multiple_routes being disabled.
[0607/175350.186:WARNING:turn_port.cc(1440)] Port[70a5c700:0:1:0:relay:Net[any:0.0.0.x/0:Wildcard:id=0]]: Received TURN allocate error response, id=544462307042715034345762, code=400, rtt=36
[0607/175720.295:WARNING:used_ids.h(55)] Duplicate id found. Reassigning from 104 to 127
[0607/175720.295:WARNING:used_ids.h(55)] Duplicate id found. Reassigning from 102 to 125
[0607/175720.295:WARNING:used_ids.h(55)] Duplicate id found. Reassigning from 104 to 124
[0607/175720.295:WARNING:used_ids.h(55)] Duplicate id found. Reassigning from 106 to 123
[0607/175720.295:WARNING:used_ids.h(55)] Duplicate id found. Reassigning from 110 to 122
[0607/175720.295:WARNING:used_ids.h(55)] Duplicate id found. Reassigning from 103 to 121
[0607/175720.295:WARNING:used_ids.h(55)] Duplicate id found. Reassigning from 105 to 120
[0607/175720.295:WARNING:used_ids.h(55)] Duplicate id found. Reassigning from 111 to 119
[0607/175722.326:WARNING:turn_port.cc(826)] Port[70a5dd80:0:1:0:relay:Net[any:0:0:0:x:x:x:x:x/0:Wildcard:id=0]]: TURN host lookup received error 0
[0607/175722.368:WARNING:turn_port.cc(477)] Socket is bound to the address:192.168.0.x, rather than an address associated with network:Net[any:0.0.0.x/0:Wildcard:id=0]. Still allowing it since it's the 'any' address, possibly caused by multiple_routes being disabled.
[0607/175722.444:WARNING:turn_port.cc(1440)] Port[70a55680:0:1:0:relay:Net[any:0.0.0.x/0:Wildcard:id=0]]: Received TURN allocate error response, id=7644305667627053397a5052, code=400, rtt=36
[0607/184126.125:WARNING:angle_platform_impl.cc(48)] HLSLCompiler.cpp:257 (compileToBinary): 
C:\fakepath(102,1-6): warning X4000: use of potentially uninitialized variable (dyn_index_vec4_float4)

[0607/184129.015:WARNING:angle_platform_impl.cc(48)] HLSLCompiler.cpp:257 (compileToBinary): 
C:\fakepath(165,1): warning X4000: use of potentially uninitialized variable (f_renderMipMapLevel)

[0607/184129.036:WARNING:angle_platform_impl.cc(48)] HLSLCompiler.cpp:257 (compileToBinary): 
C:\fakepath(165,1): warning X4000: use of potentially uninitialized variable (f_renderMipMapLevel)

[0607/192533.642:WARNING:angle_platform_impl.cc(48)] HLSLCompiler.cpp:257 (compileToBinary): 
C:\fakepath(102,1-6): warning X4000: use of potentially uninitialized variable (dyn_index_vec4_float4)

[0607/192533.733:WARNING:angle_platform_impl.cc(48)] HLSLCompiler.cpp:257 (compileToBinary): 
C:\fakepath(135,1): warning X4000: use of potentially uninitialized variable (f_i)
C:\fakepath(137,1): warning X4000: use of potentially uninitialized variable (f_i)
C:\fakepath(173,1): warning X4000: use of potentially uninitialized variable (f_u)

[0607/192533.926:WARNING:angle_platform_impl.cc(48)] HLSLCompiler.cpp:257 (compileToBinary): 
C:\fakepath(165,1): warning X4000: use of potentially uninitialized variable (f_renderMipMapLevel)

[0607/192534.087:ERROR:gl_utils.cc(314)] [.WebGL-000003026EF48D00] GL_INVALID_OPERATION: Two textures of different types use the same sampler location.
[0607/192534.093:ERROR:gl_utils.cc(314)] [.WebGL-000003026EF48D00] GL_INVALID_OPERATION: Two textures of different types use the same sampler location.
[0607/192605.010:WARNING:angle_platform_impl.cc(48)] HLSLCompiler.cpp:257 (compileToBinary): 
C:\fakepath(102,1-6): warning X4000: use of potentially uninitialized variable (dyn_index_vec4_float4)

[0607/192605.091:WARNING:angle_platform_impl.cc(48)] HLSLCompiler.cpp:257 (compileToBinary): 
C:\fakepath(135,1): warning X4000: use of potentially uninitialized variable (f_i)
C:\fakepath(137,1): warning X4000: use of potentially uninitialized variable (f_i)
C:\fakepath(173,1): warning X4000: use of potentially uninitialized variable (f_u)

[0607/192605.693:WARNING:angle_platform_impl.cc(48)] HLSLCompiler.cpp:257 (compileToBinary): 
C:\fakepath(165,1): warning X4000: use of potentially uninitialized variable (f_renderMipMapLevel)

[0607/192605.701:WARNING:angle_platform_impl.cc(48)] HLSLCompiler.cpp:257 (compileToBinary): 
C:\fakepath(165,1): warning X4000: use of potentially uninitialized variable (f_renderMipMapLevel)

