[+] Containers:
 |- [+] Container: /Temp/Untitled_1
 |   |- [+] ActorDescs:
 |   |   |- Guid:132F27AA4B2DDD5E46B149BF771D5115 BaseClass:/Game/screen.screen_C NativeClass:/Script/Engine.Actor Name:screen_C_UAID_C85309F705510CEA02_1578605712 Label:screen SpatiallyLoaded:1 Bounds:IsValid=true, Min=(X=360.196 Y=-117.779 Z=-0.473), Max=(X=387.674 Y=-35.943 Z=50.029) RuntimeGrid:None EditorOnly:0 RuntimeOnly:0 HLODRelevant:0 ListedInSceneOutliner:1 IsMainWorldOnly:0
 |   |   |- Guid:A36DCE8B46CB01EFE72D038B8A196C7D BaseClass: NativeClass:/Script/Engine.WorldDataLayers Name:WorldDataLayers Label:WorldDataLayers SpatiallyLoaded:0 Bounds:Invalid RuntimeGrid:None EditorOnly:0 RuntimeOnly:0 HLODRelevant:0 ListedInSceneOutliner:1 IsMainWorldOnly:1
 |   |- [+] Clusters:
 |   |   |- [+] [  0]
 |   |   |   |- Guid:132F27AA4B2DDD5E46B149BF771D5115 BaseClass:/Game/screen.screen_C NativeClass:/Script/Engine.Actor Name:screen_C_UAID_C85309F705510CEA02_1578605712 Label:screen SpatiallyLoaded:1 Bounds:IsValid=true, Min=(X=360.196 Y=-117.779 Z=-0.473), Max=(X=387.674 Y=-35.943 Z=50.029) RuntimeGrid:None EditorOnly:0 RuntimeOnly:0 HLODRelevant:0 ListedInSceneOutliner:1 IsMainWorldOnly:0
 |   |   |- [+] [  1]
 |   |   |   |- Guid:A36DCE8B46CB01EFE72D038B8A196C7D BaseClass: NativeClass:/Script/Engine.WorldDataLayers Name:WorldDataLayers Label:WorldDataLayers SpatiallyLoaded:0 Bounds:Invalid RuntimeGrid:None EditorOnly:0 RuntimeOnly:0 HLODRelevant:0 ListedInSceneOutliner:1 IsMainWorldOnly:1
 |- ContainerInstances:
 |- [+] MainContainer:
 |   |-        ID: 00000000000000000000000000000000
 |   |-  ParentID: 00000000000000000000000000000000
 |   |-    Bounds: IsValid=true, Min=(X=360.196 Y=-117.779 Z=-0.473), Max=(X=387.674 Y=-35.943 Z=50.029)
 |   |- Transform: 0.000000,0.000000,0.000000|0.000000,0.000000,-0.000000|1.000000,1.000000,1.000000
 |   |- Container: /Temp/Untitled_1
----------------------------------------------------------------------------------------------------------------
Untitled - Persistent Level
----------------------------------------------------------------------------------------------------------------
[+] Content of Untitled Persistent Level
 |- Always loaded Actor Count: 8 
 |- Actor Path: /Temp/Untitled_1.Untitled:PersistentLevel.AbstractNavData-Default
 |- Actor Package: /Temp/Untitled_1
 |- Actor Path: /Temp/Untitled_1.Untitled:PersistentLevel.Brush_0
 |- Actor Package: /Temp/Untitled_1
 |- Actor Path: /Temp/Untitled_1.Untitled:PersistentLevel.DefaultPhysicsVolume_0
 |- Actor Package: /Temp/Untitled_1
 |- Actor Path: /Temp/Untitled_1.Untitled:PersistentLevel.GameplayDebuggerPlayerManager_0
 |- Actor Package: /Temp/Untitled_1
 |- Actor Path: /Temp/Untitled_1.Untitled:PersistentLevel.screen_C_UAID_C85309F705510CEA02_1578605712
 |- Actor Package: /Temp/__ExternalActors__/Untitled_1/9/NJ/MWRFA6TMTLHUQAD54703AJ
 |- Actor Path: /Temp/Untitled_1.Untitled:PersistentLevel.WorldDataLayers
 |- Actor Package: /Temp/__ExternalActors__/Untitled_1/E/8Z/YRWO5L41PJA7Q9D3CDC0L2
 |- Actor Path: /Temp/Untitled_1.Untitled:PersistentLevel.WorldPartitionMiniMap_UAID_C85309F705510CEA02_1560376711
 |- Actor Package: /Temp/__ExternalActors__/Untitled_1/3/7X/5PER40STVTF883RHUHIQ5J
 |- Actor Path: /Temp/Untitled_1.Untitled:PersistentLevel.WorldSettings
 |- Actor Package: /Temp/Untitled_1

----------------------------------------------------------------------------------------------------------------
Untitled - Runtime Spatial Hash - Streaming Grid - MainGrid
----------------------------------------------------------------------------------------------------------------
            Origin: X=0.000 Y=0.000 Z=0.000
         Cell Size: 12800
      World Bounds: IsValid=true, Min=(X=360.196 Y=-117.779 Z=-0.473), Max=(X=387.674 Y=-35.943 Z=50.029)
     Loading Range: 25600.00
Block Slow Loading: No
 ClientOnlyVisible: No
            Origin: X=0.000 Y=0.000 Z=0.000

[+] Grid Levels: 2
 |- Level  0: Cell Count    1 | Cell Size   12800 | Actor Count    1 (100.0%)
 |- Level  1: Cell Count    0 | Cell Size   25600 | Actor Count    0 (0.0%)

[+] Content of Grid Level 0
 |- [+] Content of Cell Untitled_1_MainGrid_L0_X0_Y0 (AWXBMEYD5PXOKF11XHDCT738A)
 |   |- Actor Count: 1
 |   |-          Actor Path: /Temp/Untitled_1.Untitled:PersistentLevel.screen_C_UAID_C85309F705510CEA02_1578605712
 |   |-       Actor Package: /Temp/__ExternalActors__/Untitled_1/9/NJ/MWRFA6TMTLHUQAD54703AJ
 |   |- Actor Instance Guid: 132F27AA4B2DDD5E46B149BF771D5115
[+] Content of Grid Level 1

